........................................................................ [ 12%]
................F....................................................... [ 25%]
........................................................................ [ 38%]
........................................................................ [ 51%]
........................................................................ [ 64%]
........................................................................ [ 76%]
........................................................................ [ 89%]
..........................................................               [100%]
=================================== FAILURES ===================================
__________ test_cross_process_validator_progress_overlaps_publication __________

tmp_path = PosixPath('/tmp/pytest-of-runner/pytest-0/test_cross_process_validator_p0')
smoke_result = SimulationResult(config=SimulationConfig(schema_version='1.0', simulation_id='commerce-smoke-baseline', seed=202607170...   ┆           │
└────────────┴────────────┴─────────┴────────────┴────────────┴───────────┴────────────┴───────────┘})
rich_result = SimulationResult(config=SimulationConfig(schema_version='1.0', simulation_id='commerce-rich-baseline', seed=2026071800...   ┆           │
└────────────┴────────────┴─────────┴────────────┴────────────┴───────────┴────────────┴───────────┘})

    def test_cross_process_validator_progress_overlaps_publication(
        tmp_path: Path,
        smoke_result: SimulationResult,
        rich_result: SimulationResult,
    ) -> None:
        """Readers continuously validate while alternating generations are exchanged."""
        old_generation = tmp_path / "old-generation"
        new_generation = tmp_path / "new-generation"
        target = tmp_path / "dataset"
        export_dataset(smoke_result, old_generation)
        export_dataset(rich_result, new_generation)
        shutil.copytree(old_generation, target)
        reader_code = """
    import json, os, sys, time, traceback
    from pathlib import Path
    from paic.simulator.validation import validate_dataset_directory
    target, ready, stop, result = map(Path, sys.argv[1:])
    count = 0
    errors = []
    first_success = None
    def record():
        temporary = result.with_name(result.name + '.tmp')
        temporary.write_text(json.dumps({'count': count, 'errors': errors,
            'first_success': first_success, 'last_success': time.time()}, sort_keys=True), encoding='utf-8')
        with temporary.open('rb') as handle:
            os.fsync(handle.fileno())
        os.replace(temporary, result)
    try:
        initial = validate_dataset_directory(target)
        if not initial.valid:
            errors.append({'code': 'initial_invalid', 'issues': [i.code for i in initial.issues]})
            record()
            raise SystemExit(2)
        count = 1
        first_success = time.time()
        record()
        ready.write_text('ready', encoding='utf-8')
        while not stop.exists():
            try:
                report = validate_dataset_directory(target)
                if not report.valid:
                    errors.append({'code': 'invalid', 'issues': [i.code for i in report.issues]})
                    break
                count += 1
                if count % 10 == 0:
                    record()
            except Exception as exc:
                errors.append({'code': 'exception', 'type': type(exc).__name__, 'message': str(exc),
                               'traceback': traceback.format_exc()})
                break
    except Exception as exc:
        errors.append({'code': 'exception', 'type': type(exc).__name__, 'message': str(exc),
                       'traceback': traceback.format_exc()})
    record()
    """
        readers: list[subprocess.Popen[str]] = []
        markers: list[tuple[Path, Path, Path]] = []
        try:
            for index in range(2):
                ready = tmp_path / f"reader-{index}.ready"
                result = tmp_path / f"reader-{index}.json"
                stop = tmp_path / f"reader-{index}.stop"
                process = subprocess.Popen(
                    [
                        sys.executable,
                        "-c",
                        reader_code,
                        str(target),
                        str(ready),
                        str(stop),
                        str(result),
                    ],
                    text=True,
                    stdout=subprocess.PIPE,
                    stderr=subprocess.PIPE,
                )
                readers.append(process)
                markers.append((ready, result, stop))
            deadline = time.monotonic() + 10
            while time.monotonic() < deadline and not all(item[0].exists() for item in markers):
                time.sleep(0.01)
            if not all(item[0].exists() for item in markers):
                diagnostics = []
                for process, (ready, result, _) in zip(readers, markers, strict=True):
                    if process.poll() is None:
                        process.kill()
                    stdout, stderr = process.communicate(timeout=5)
                    diagnostics.append(
                        {
                            "ready": ready.exists(),
                            "result": result.read_text(encoding="utf-8") if result.exists() else None,
                            "returncode": process.returncode,
                            "stdout": stdout,
                            "stderr": stderr,
                        }
                    )
                raise AssertionError(f"reader startup timed out: {diagnostics}")
    
            def read_count(path: Path) -> int:
                try:
                    return int(json.loads(path.read_text(encoding="utf-8"))["count"])
                except (FileNotFoundError, json.JSONDecodeError, KeyError, TypeError, ValueError):
                    return 0
    
            progress: list[int] = [sum(read_count(item[1]) for item in markers)]
            checkpoints: list[tuple[int, int]] = []
            for cycle in range(1, 101):
                source = new_generation if cycle % 2 else old_generation
                publisher = AtomicDirectoryPublisher(target, overwrite=True)
                with publisher as staging:
                    shutil.copytree(source, staging, dirs_exist_ok=True)
                    publisher.commit()
                if cycle in {1, 25, 50, 75, 100}:
                    value = sum(read_count(item[1]) for item in markers)
                    progress.append(value)
                    checkpoints.append((cycle, value))
            deadline = time.monotonic() + 60
            while time.monotonic() < deadline and sum(read_count(item[1]) for item in markers) < 1000:
                if any(process.poll() is not None for process in readers):
                    break
                time.sleep(0.05)
            for _, _, stop in markers:
                stop.write_text("stop", encoding="utf-8")
            for process in readers:
                process.wait(timeout=120)
            results = [json.loads(result.read_text(encoding="utf-8")) for _, result, _ in markers]
>           assert all(item["errors"] == [] for item in results), results
E           AssertionError: [{'count': 2, 'errors': [{'code': 'exception', 'message': 'artifact root changed during acquisition', 'traceback': 'Tr...quisition
E             ', 'type': 'ArtifactLeaseError'}], 'first_success': 1784998850.5034928, 'last_success': 1784998850.5636399}]
E           assert False
E            +  where False = all(<generator object test_cross_process_validator_progress_overlaps_publication.<locals>.<genexpr> at 0x7f4d5aff2c20>)

tests/test_atomic_publication.py:536: AssertionError
=============================== warnings summary ===============================
tests/test_artifact_lease.py: 17 warnings
tests/test_artifact_lease_adversarial.py: 9 warnings
tests/test_publication_coherence.py: 4 warnings
  /opt/hostedtoolcache/Python/3.12.13/x64/lib/python3.12/multiprocessing/popen_fork.py:66: DeprecationWarning: This process (pid=2139) is multi-threaded, use of fork() may lead to deadlocks in the child.
    self.pid = os.fork()

-- Docs: https://docs.pytest.org/en/stable/how-to/capture-warnings.html
=========================== short test summary info ============================
FAILED tests/test_atomic_publication.py::test_cross_process_validator_progress_overlaps_publication - AssertionError: [{'count': 2, 'errors': [{'code': 'exception', 'message': 'artifact root changed during acquisition', 'traceback': 'Tr...quisition
  ', 'type': 'ArtifactLeaseError'}], 'first_success': 1784998850.5034928, 'last_success': 1784998850.5636399}]
assert False
 +  where False = all(<generator object test_cross_process_validator_progress_overlaps_publication.<locals>.<genexpr> at 0x7f4d5aff2c20>)
1 failed, 561 passed, 30 warnings in 172.56s (0:02:52)
